                                                   VIOLATION_vgs/vgd: Gate Oxide Integrity, Vgs/Vgd violation and DPM                               
------------------------------------------------------------------------------------------------------------------------------------------------------------------------
                    Device_Name     DPM_EOS DPM_NORM DPM_Ratio  Model           L           W  Durations(s)     Max_volt Volt_limit Category
            I0.X1.I8.MP0 2.78344e-08     NULL      NULL   pch_a 1.80000e-07 8.06656e-05   0.00000e+00  under_limit      -1.98    CoreP
       I0.X1.I4.I3.I1.M3 7.43214e-11     NULL      NULL   pch_c 1.50000e-07 5.83620e-07   0.00000e+00  under_limit      -1.98    CoreP
                I0.X3.M0 3.49562e-33     NULL      NULL   nch_b 1.50000e-07 5.04160e-06   0.00000e+00  under_limit       1.98    CoreN
TOTAL_DPM  5.197822e-08 (1)


                    ####                                         VIOLATION_vds: device check vds passed                                         ####


                                                   VIOLATION_vds_on: Vds violation and DPM
------------------------------------------------------------------------------------------------------------------------------------------------------------------------
                    Device_Name     DPM_EOS DPM_NORM DPM_Ratio  Model           L           W  Durations(s)     Max_volt Volt_limit Category
                I0.X2.M1 3.42500e+00     NULL      NULL   nch_a 1.50000e-07 1.37000e-06   4.79500e-09         1.21       0.88    CoreN
TOTAL_DPM  3.425000e+00 (1)

                    ####                                         VIOLATION_vgb: device check vgb passed                                         ####

